%Warning-TIMESCALEMOD: /home/wayne/devel/jane/even_smaller/gowin/pll270/gqh_competition_pll_top.v:1:8: Timescale missing on this module as other modules have it (IEEE 1800-2023 3.14.2.3)
    1 | module gqh_uart_tx (
      |        ^~~~~~~~~~~
                       /home/wayne/devel/jane/even_smaller/test/pll/pll_model.v:4:8: ... Location of module with timescale
    4 | module Gowin_rPLL_81(output reg clkout = 0, output reg locked = 0, input clkin);
      |        ^~~~~~~~~~~~~
                       ... For warning description see https://verilator.org/warn/TIMESCALEMOD?v=5.051
                       ... Use "/* verilator lint_off TIMESCALEMOD */" and lint_on around source to disable this message.
%Warning-TIMESCALEMOD: /home/wayne/devel/jane/even_smaller/gowin/pll270/gqh_competition_pll_top.v:246:8: Timescale missing on this module as other modules have it (IEEE 1800-2023 3.14.2.3)
  246 | module gqh_reset_release (
      |        ^~~~~~~~~~~~~~~~~
                       /home/wayne/devel/jane/even_smaller/test/pll/pll_model.v:4:8: ... Location of module with timescale
    4 | module Gowin_rPLL_81(output reg clkout = 0, output reg locked = 0, input clkin);
      |        ^~~~~~~~~~~~~
%Warning-TIMESCALEMOD: /home/wayne/devel/jane/even_smaller/gowin/pll270/gqh_competition_pll_top.v:281:8: Timescale missing on this module as other modules have it (IEEE 1800-2023 3.14.2.3)
  281 | module gqh_packet_ram_controller (
      |        ^~~~~~~~~~~~~~~~~~~~~~~~~
                       /home/wayne/devel/jane/even_smaller/test/pll/pll_model.v:4:8: ... Location of module with timescale
    4 | module Gowin_rPLL_81(output reg clkout = 0, output reg locked = 0, input clkin);
      |        ^~~~~~~~~~~~~
%Warning-TIMESCALEMOD: /home/wayne/devel/jane/even_smaller/gowin/pll270/gqh_competition_pll_top.v:906:8: Timescale missing on this module as other modules have it (IEEE 1800-2023 3.14.2.3)
  906 | module gqh_uart_rx (
      |        ^~~~~~~~~~~
                       /home/wayne/devel/jane/even_smaller/test/pll/pll_model.v:4:8: ... Location of module with timescale
    4 | module Gowin_rPLL_81(output reg clkout = 0, output reg locked = 0, input clkin);
      |        ^~~~~~~~~~~~~
%Warning-TIMESCALEMOD: /home/wayne/devel/jane/even_smaller/gowin/pll270/gqh_competition_pll_top.v:1154:8: Timescale missing on this module as other modules have it (IEEE 1800-2023 3.14.2.3)
 1154 | module gqh_update_engine (
      |        ^~~~~~~~~~~~~~~~~
                       /home/wayne/devel/jane/even_smaller/test/pll/pll_model.v:4:8: ... Location of module with timescale
    4 | module Gowin_rPLL_81(output reg clkout = 0, output reg locked = 0, input clkin);
      |        ^~~~~~~~~~~~~
%Warning-TIMESCALEMOD: /home/wayne/devel/jane/even_smaller/gowin/pll270/gqh_competition_pll_top.v:1423:8: Timescale missing on this module as other modules have it (IEEE 1800-2023 3.14.2.3)
 1423 | module gqh_competition_pll_top (
      |        ^~~~~~~~~~~~~~~~~~~~~~~
                       /home/wayne/devel/jane/even_smaller/test/pll/pll_model.v:4:8: ... Location of module with timescale
    4 | module Gowin_rPLL_81(output reg clkout = 0, output reg locked = 0, input clkin);
      |        ^~~~~~~~~~~~~
%Warning-WIDTHTRUNC: /home/wayne/devel/jane/even_smaller/test/integration/packet_ram_tb.v:134:20: Logical operator LOGAND expects 1 bit on the LHS, but LHS's VARREF 'pauses' generates 32 bits.
                                                                                                : ... note: In instance 'competition_tb'
  134 |         if (pauses && j<7) #(HOST_BIT*(j+1)*3);
      |                    ^~
                     ... For warning description see https://verilator.org/warn/WIDTHTRUNC?v=5.051
                     ... Use "/* verilator lint_off WIDTHTRUNC */" and lint_on around source to disable this message.
%Warning-WIDTHTRUNC: /home/wayne/devel/jane/even_smaller/test/integration/packet_ram_tb.v:167:9: Logical operator LOGNOT expects 1 bit on the LHS, but LHS's VARREF 'trace_file' generates 32 bits.
                                                                                               : ... note: In instance 'competition_tb'
  167 |     if (!trace_file || !latency_file) $fatal(1,"file open");
      |         ^
%Warning-WIDTHTRUNC: /home/wayne/devel/jane/even_smaller/test/integration/packet_ram_tb.v:167:24: Logical operator LOGNOT expects 1 bit on the LHS, but LHS's VARREF 'latency_file' generates 32 bits.
                                                                                                : ... note: In instance 'competition_tb'
  167 |     if (!trace_file || !latency_file) $fatal(1,"file open");
      |                        ^
%Warning-WIDTHEXPAND: /home/wayne/devel/jane/even_smaller/test/integration/packet_ram_tb.v:180:45: Operator TASKREF 'transaction' expects 32 bits on the Function Argument, but Function Argument's EQ generates 1 bits.
                                                                                                 : ... note: In instance 'competition_tb'
  180 |     for (integer row=0;row<count;row=row+1) transaction(row,row%31==0);
      |                                             ^~~~~~~~~~~
                      ... For warning description see https://verilator.org/warn/WIDTHEXPAND?v=5.051
                      ... Use "/* verilator lint_off WIDTHEXPAND */" and lint_on around source to disable this message.
%Warning-WIDTHEXPAND: /home/wayne/devel/jane/even_smaller/test/integration/packet_ram_tb.v:226:43: Operator EQ expects 32 bits on the LHS, but LHS's VARXREF 'engine_state' generates 2 bits.
                                                                                                 : ... note: In instance 'competition_tb'
  226 |               wait(dut.engine.engine_state==state);
      |                                           ^~
%Warning-COMBDLY: /home/wayne/devel/jane/even_smaller/gowin/pll270/gqh_competition_pll_top.v:107:26: Non-blocking assignment '<=' in combinational logic process
                                                                                                   : ... This will be executed as a blocking assignment '='!
  107 |             signal_cases <= signal_mux;
      |                          ^~
                  ... For warning description see https://verilator.org/warn/COMBDLY?v=5.051
                  ... Use "/* verilator lint_off COMBDLY */" and lint_on around source to disable this message.
                  *** See https://verilator.org/warn/COMBDLY?v=5.051 before disabling this,
                  else you may end up with different sim results.
%Warning-COMBDLY: /home/wayne/devel/jane/even_smaller/gowin/pll270/gqh_competition_pll_top.v:123:26: Non-blocking assignment '<=' in combinational logic process
                                                                                                   : ... This will be executed as a blocking assignment '='!
  123 |             signal_mux_1 <= signal_select_7;
      |                          ^~
%Warning-COMBDLY: /home/wayne/devel/jane/even_smaller/gowin/pll270/gqh_competition_pll_top.v:156:28: Non-blocking assignment '<=' in combinational logic process
                                                                                                   : ... This will be executed as a blocking assignment '='!
  156 |             signal_cases_1 <= signal_mux_7;
      |                            ^~
%Warning-COMBDLY: /home/wayne/devel/jane/even_smaller/gowin/pll270/gqh_competition_pll_top.v:200:28: Non-blocking assignment '<=' in combinational logic process
                                                                                                   : ... This will be executed as a blocking assignment '='!
  200 |             signal_cases_2 <= signal_reg_2;
      |                            ^~
%Warning-COMBDLY: /home/wayne/devel/jane/even_smaller/gowin/pll270/gqh_competition_pll_top.v:227:28: Non-blocking assignment '<=' in combinational logic process
                                                                                                   : ... This will be executed as a blocking assignment '='!
  227 |             signal_cases_3 <= signal_reg_3;
      |                            ^~
%Warning-COMBDLY: /home/wayne/devel/jane/even_smaller/gowin/pll270/gqh_competition_pll_top.v:503:26: Non-blocking assignment '<=' in combinational logic process
                                                                                                   : ... This will be executed as a blocking assignment '='!
  503 |             signal_cases <= signal_mux_1;
      |                          ^~
%Warning-COMBDLY: /home/wayne/devel/jane/even_smaller/gowin/pll270/gqh_competition_pll_top.v:524:28: Non-blocking assignment '<=' in combinational logic process
                                                                                                   : ... This will be executed as a blocking assignment '='!
  524 |             signal_cases_1 <= signal_mux_3;
      |                            ^~
%Warning-COMBDLY: /home/wayne/devel/jane/even_smaller/gowin/pll270/gqh_competition_pll_top.v:541:26: Non-blocking assignment '<=' in combinational logic process
                                                                                                   : ... This will be executed as a blocking assignment '='!
  541 |             signal_mux_4 <= signal_reg_5;
      |                          ^~
%Warning-COMBDLY: /home/wayne/devel/jane/even_smaller/gowin/pll270/gqh_competition_pll_top.v:571:28: Non-blocking assignment '<=' in combinational logic process
                                                                                                   : ... This will be executed as a blocking assignment '='!
  571 |             signal_cases_2 <= signal_and_4;
      |                            ^~
%Warning-COMBDLY: /home/wayne/devel/jane/even_smaller/gowin/pll270/gqh_competition_pll_top.v:580:28: Non-blocking assignment '<=' in combinational logic process
                                                                                                   : ... This will be executed as a blocking assignment '='!
  580 |             signal_cases_3 <= signal_mux_5;
      |                            ^~
%Warning-COMBDLY: /home/wayne/devel/jane/even_smaller/gowin/pll270/gqh_competition_pll_top.v:603:28: Non-blocking assignment '<=' in combinational logic process
                                                                                                   : ... This will be executed as a blocking assignment '='!
  603 |             signal_cases_4 <= signal_mux_10;
      |                            ^~
%Warning-COMBDLY: /home/wayne/devel/jane/even_smaller/gowin/pll270/gqh_competition_pll_top.v:620:28: Non-blocking assignment '<=' in combinational logic process
                                                                                                   : ... This will be executed as a blocking assignment '='!
  620 |             signal_cases_5 <= signal_reg_5;
      |                            ^~
%Warning-COMBDLY: /home/wayne/devel/jane/even_smaller/gowin/pll270/gqh_competition_pll_top.v:652:9: Non-blocking assignment '<=' in combinational logic process
                                                                                                  : ... This will be executed as a blocking assignment '='!
  652 |         case (packet_position)
      |         ^~~~
%Warning-COMBDLY: /home/wayne/devel/jane/even_smaller/gowin/pll270/gqh_competition_pll_top.v:704:28: Non-blocking assignment '<=' in combinational logic process
                                                                                                   : ... This will be executed as a blocking assignment '='!
  704 |             signal_cases_6 <= signal_mux_24;
      |                            ^~
%Warning-COMBDLY: /home/wayne/devel/jane/even_smaller/gowin/pll270/gqh_competition_pll_top.v:738:28: Non-blocking assignment '<=' in combinational logic process
                                                                                                   : ... This will be executed as a blocking assignment '='!
  738 |             signal_cases_7 <= signal_eq_13;
      |                            ^~
%Warning-COMBDLY: /home/wayne/devel/jane/even_smaller/gowin/pll270/gqh_competition_pll_top.v:747:28: Non-blocking assignment '<=' in combinational logic process
                                                                                                   : ... This will be executed as a blocking assignment '='!
  747 |             signal_cases_8 <= signal_mux_29;
      |                            ^~
%Warning-COMBDLY: /home/wayne/devel/jane/even_smaller/gowin/pll270/gqh_competition_pll_top.v:763:28: Non-blocking assignment '<=' in combinational logic process
                                                                                                   : ... This will be executed as a blocking assignment '='!
  763 |             signal_cases_9 <= signal_and_7;
      |                            ^~
%Warning-COMBDLY: /home/wayne/devel/jane/even_smaller/gowin/pll270/gqh_competition_pll_top.v:772:29: Non-blocking assignment '<=' in combinational logic process
                                                                                                   : ... This will be executed as a blocking assignment '='!
  772 |             signal_cases_10 <= signal_mux_30;
      |                             ^~
%Warning-COMBDLY: /home/wayne/devel/jane/even_smaller/gowin/pll270/gqh_competition_pll_top.v:802:29: Non-blocking assignment '<=' in combinational logic process
                                                                                                   : ... This will be executed as a blocking assignment '='!
  802 |             signal_cases_11 <= signal_mux_38;
      |                             ^~
%Warning-COMBDLY: /home/wayne/devel/jane/even_smaller/gowin/pll270/gqh_competition_pll_top.v:869:29: Non-blocking assignment '<=' in combinational logic process
                                                                                                   : ... This will be executed as a blocking assignment '='!
  869 |             signal_cases_12 <= signal_reg_10;
      |                             ^~
%Warning-COMBDLY: /home/wayne/devel/jane/even_smaller/gowin/pll270/gqh_competition_pll_top.v:882:29: Non-blocking assignment '<=' in combinational logic process
                                                                                                   : ... This will be executed as a blocking assignment '='!
  882 |             signal_cases_13 <= signal_eq_11;
      |                             ^~
%Warning-COMBDLY: /home/wayne/devel/jane/even_smaller/gowin/pll270/gqh_competition_pll_top.v:997:26: Non-blocking assignment '<=' in combinational logic process
                                                                                                   : ... This will be executed as a blocking assignment '='!
  997 |             signal_cases <= signal_mux_1;
      |                          ^~
%Warning-COMBDLY: /home/wayne/devel/jane/even_smaller/gowin/pll270/gqh_competition_pll_top.v:1014:28: Non-blocking assignment '<=' in combinational logic process
                                                                                                    : ... This will be executed as a blocking assignment '='!
 1014 |             signal_cases_1 <= signal_mux_3;
      |                            ^~
%Warning-COMBDLY: /home/wayne/devel/jane/even_smaller/gowin/pll270/gqh_competition_pll_top.v:1045:28: Non-blocking assignment '<=' in combinational logic process
                                                                                                    : ... This will be executed as a blocking assignment '='!
 1045 |             signal_cases_2 <= signal_mux_9;
      |                            ^~
%Warning-COMBDLY: /home/wayne/devel/jane/even_smaller/gowin/pll270/gqh_competition_pll_top.v:1085:28: Non-blocking assignment '<=' in combinational logic process
                                                                                                    : ... This will be executed as a blocking assignment '='!
 1085 |             signal_cases_3 <= signal_mux_13;
      |                            ^~
%Warning-COMBDLY: /home/wayne/devel/jane/even_smaller/gowin/pll270/gqh_competition_pll_top.v:1122:28: Non-blocking assignment '<=' in combinational logic process
                                                                                                    : ... This will be executed as a blocking assignment '='!
 1122 |             signal_cases_4 <= signal_mux_5;
      |                            ^~
%Warning-COMBDLY: /home/wayne/devel/jane/even_smaller/gowin/pll270/gqh_competition_pll_top.v:1137:28: Non-blocking assignment '<=' in combinational logic process
                                                                                                    : ... This will be executed as a blocking assignment '='!
 1137 |             signal_cases_5 <= signal_mux_4;
      |                            ^~
%Warning-ZERODLY: /home/wayne/devel/jane/even_smaller/test/integration/packet_ram_tb.v:134:28: Value of # delay control statically unknown. Assuming it can be #0.
                                                                                             : ... If all # delays are non-zero at runtime,
                                                                                             : ... use '--no-sched-zero-delay' for improved performance.
                                                                                             : ... If a real #0 is expected at runtime,
                                                                                             : ... use '--sched-zero-delay' to suppress this warning.
  134 |         if (pauses && j<7) #(HOST_BIT*(j+1)*3);
      |                            ^
                  ... For warning description see https://verilator.org/warn/ZERODLY?v=5.051
                  ... Use "/* verilator lint_off ZERODLY */" and lint_on around source to disable this message.
make: Entering directory '/tmp/opencode/even-smaller-pll-checks/pll-check-o3c4q34_/verilated'
ccache g++ -Os  -I.  -MMD -I/home/wayne/dump/verilator/include -I/home/wayne/dump/verilator/include/vltstd -DVERILATOR=1 -DVM_COVERAGE=0 -DVM_SC=0 -DVM_TIMING=1 -DVM_TRACE=0 -DVM_TRACE_FST=0 -DVM_TRACE_VCD=0 -DVM_TRACE_SAIF=0 -DVM_VPI=0 -faligned-new -fcf-protection=none -Wno-bool-operation -Wno-int-in-bool-context -Wno-shadow -Wno-sign-compare -Wno-subobject-linkage -Wno-tautological-compare -Wno-uninitialized -Wno-unused-but-set-parameter -Wno-unused-but-set-variable -Wno-unused-parameter -Wno-unused-variable    -DVL_TIME_CONTEXT   -fcoroutines -c -o verilated.o /home/wayne/dump/verilator/include/verilated.cpp
ccache g++ -Os  -I.  -MMD -I/home/wayne/dump/verilator/include -I/home/wayne/dump/verilator/include/vltstd -DVERILATOR=1 -DVM_COVERAGE=0 -DVM_SC=0 -DVM_TIMING=1 -DVM_TRACE=0 -DVM_TRACE_FST=0 -DVM_TRACE_VCD=0 -DVM_TRACE_SAIF=0 -DVM_VPI=0 -faligned-new -fcf-protection=none -Wno-bool-operation -Wno-int-in-bool-context -Wno-shadow -Wno-sign-compare -Wno-subobject-linkage -Wno-tautological-compare -Wno-uninitialized -Wno-unused-but-set-parameter -Wno-unused-but-set-variable -Wno-unused-parameter -Wno-unused-variable    -DVL_TIME_CONTEXT   -fcoroutines -c -o verilated_timing.o /home/wayne/dump/verilator/include/verilated_timing.cpp
ccache g++ -Os  -I.  -MMD -I/home/wayne/dump/verilator/include -I/home/wayne/dump/verilator/include/vltstd -DVERILATOR=1 -DVM_COVERAGE=0 -DVM_SC=0 -DVM_TIMING=1 -DVM_TRACE=0 -DVM_TRACE_FST=0 -DVM_TRACE_VCD=0 -DVM_TRACE_SAIF=0 -DVM_VPI=0 -faligned-new -fcf-protection=none -Wno-bool-operation -Wno-int-in-bool-context -Wno-shadow -Wno-sign-compare -Wno-subobject-linkage -Wno-tautological-compare -Wno-uninitialized -Wno-unused-but-set-parameter -Wno-unused-but-set-variable -Wno-unused-parameter -Wno-unused-variable    -DVL_TIME_CONTEXT   -fcoroutines -c -o verilated_threads.o /home/wayne/dump/verilator/include/verilated_threads.cpp
python3 /home/wayne/dump/verilator/bin/verilator_includer -DVL_INCLUDE_OPT=include Vcompetition_tb.cpp Vcompetition_tb___024root__0.cpp Vcompetition_tb__main.cpp Vcompetition_tb__ConstPool__0__Slow.cpp Vcompetition_tb___024root__Slow.cpp Vcompetition_tb___024root__0__Slow.cpp Vcompetition_tb__Syms__Slow.cpp > Vcompetition_tb__ALL.cpp
ccache g++ -Os  -I.  -MMD -I/home/wayne/dump/verilator/include -I/home/wayne/dump/verilator/include/vltstd -DVERILATOR=1 -DVM_COVERAGE=0 -DVM_SC=0 -DVM_TIMING=1 -DVM_TRACE=0 -DVM_TRACE_FST=0 -DVM_TRACE_VCD=0 -DVM_TRACE_SAIF=0 -DVM_VPI=0 -faligned-new -fcf-protection=none -Wno-bool-operation -Wno-int-in-bool-context -Wno-shadow -Wno-sign-compare -Wno-subobject-linkage -Wno-tautological-compare -Wno-uninitialized -Wno-unused-but-set-parameter -Wno-unused-but-set-variable -Wno-unused-parameter -Wno-unused-variable    -DVL_TIME_CONTEXT   -fcoroutines -c -o Vcompetition_tb__ALL.o Vcompetition_tb__ALL.cpp
g++ -fuse-ld=mold   verilated.o verilated_timing.o verilated_threads.o Vcompetition_tb__ALL.a    -pthread -lpthread -latomic   -o Vcompetition_tb
rm Vcompetition_tb__ALL.verilator_deplist.tmp
make: Leaving directory '/tmp/opencode/even-smaller-pll-checks/pll-check-o3c4q34_/verilated'
- V e r i l a t i o n   R e p o r t: Verilator 5.051 devel rev v5.050-126-gdaf582661
- Verilator: Built from 0.219 MB sources in 9 modules, into 0.524 MB in 7 C++ files needing 0.001 MB
- Verilator: Walltime 5.093 s (elab=0.007, cvt=0.041, bld=5.031); cpu 0.056 s on 2 threads; allocated 49.367 MB
