*** GOWIN Tcl Command Line Console  *** 
This plugin does not support createPlatformOpenGLContext!
current device: GW2AR-18C  GW2AR-LV18QN88C8/I7
add new file: "../../gqh_serial_top.v"
add new file: "../../19_tang_nano_20k.cst"
add new file: "../../tang_nano_20k.sdc"
GowinSynthesis start
Running parser ...
Analyzing Verilog file '/home/wayne/devel/jane/even_smaller/serial_adder_approach/gqh_serial_top.v'
Compiling module 'gqh_competition_top'("/home/wayne/devel/jane/even_smaller/serial_adder_approach/gqh_serial_top.v":1524)
Compiling module 'gqh_update_engine'("/home/wayne/devel/jane/even_smaller/serial_adder_approach/gqh_serial_top.v":1071)
Extracting RAM for identifier 'serial_history'("/home/wayne/devel/jane/even_smaller/serial_adder_approach/gqh_serial_top.v":1134)
Extracting RAM for identifier 'serial_sums'("/home/wayne/devel/jane/even_smaller/serial_adder_approach/gqh_serial_top.v":1160)
Extracting RAM for identifier 'serial_metadata'("/home/wayne/devel/jane/even_smaller/serial_adder_approach/gqh_serial_top.v":1206)
Compiling module 'gqh_uart_rx'("/home/wayne/devel/jane/even_smaller/serial_adder_approach/gqh_serial_top.v":825)
Compiling module 'gqh_packet_ram_controller'("/home/wayne/devel/jane/even_smaller/serial_adder_approach/gqh_serial_top.v":200)
Extracting RAM for identifier 'request_packet'("/home/wayne/devel/jane/even_smaller/serial_adder_approach/gqh_serial_top.v":303)
Compiling module 'gqh_reset_release'("/home/wayne/devel/jane/even_smaller/serial_adder_approach/gqh_serial_top.v":165)
Compiling module 'gqh_uart_tx'("/home/wayne/devel/jane/even_smaller/serial_adder_approach/gqh_serial_top.v":1)
NOTE  (EX0101) : Current top module is "gqh_competition_top"
[5%] Running netlist conversion ...
Running device independent optimization ...
[10%] Optimizing Phase 0 completed
[15%] Optimizing Phase 1 completed
[25%] Optimizing Phase 2 completed
Running inference ...
[30%] Inferring Phase 0 completed
[40%] Inferring Phase 1 completed
[50%] Inferring Phase 2 completed
[55%] Inferring Phase 3 completed
Running technical mapping ...
[60%] Tech-Mapping Phase 0 completed
[65%] Tech-Mapping Phase 1 completed
[75%] Tech-Mapping Phase 2 completed
[80%] Tech-Mapping Phase 3 completed
[90%] Tech-Mapping Phase 4 completed
[95%] Generate netlist file "/home/wayne/devel/jane/even_smaller/serial_adder_approach/builds/serial_lfsr/impl/gwsynthesis/gqh_serial.vg" completed
[100%] Generate report file "/home/wayne/devel/jane/even_smaller/serial_adder_approach/builds/serial_lfsr/impl/gwsynthesis/gqh_serial_syn.rpt.html" completed
GowinSynthesis finish
Reading netlist file: "/home/wayne/devel/jane/even_smaller/serial_adder_approach/builds/serial_lfsr/impl/gwsynthesis/gqh_serial.vg"
Parsing netlist file "/home/wayne/devel/jane/even_smaller/serial_adder_approach/builds/serial_lfsr/impl/gwsynthesis/gqh_serial.vg" completed
Processing netlist completed
Reading constraint file: "/home/wayne/devel/jane/even_smaller/serial_adder_approach/19_tang_nano_20k.cst"
Physical Constraint parsed completed
Running placement......
[10%] Placement Phase 0 completed
[20%] Placement Phase 1 completed
[30%] Placement Phase 2 completed
[50%] Placement Phase 3 completed
Running routing......
[60%] Routing Phase 0 completed
[70%] Routing Phase 1 completed
[80%] Routing Phase 2 completed
WARN  (PR1014) : Generic routing resource will be used to clock signal 'sys_clk_d' by the specified constraint. And then it may lead to the excessive delay or skew
[90%] Routing Phase 3 completed
Running timing analysis......
[95%] Timing analysis completed
Placement and routing completed
Bitstream generation in progress......
Bitstream generation completed
Running power analysis......
[100%] Power analysis completed
Generate file "/home/wayne/devel/jane/even_smaller/serial_adder_approach/builds/serial_lfsr/impl/pnr/gqh_serial.power.html" completed
Generate file "/home/wayne/devel/jane/even_smaller/serial_adder_approach/builds/serial_lfsr/impl/pnr/gqh_serial.pin.html" completed
Generate file "/home/wayne/devel/jane/even_smaller/serial_adder_approach/builds/serial_lfsr/impl/pnr/gqh_serial.rpt.html" completed
Generate file "/home/wayne/devel/jane/even_smaller/serial_adder_approach/builds/serial_lfsr/impl/pnr/gqh_serial.rpt.txt" completed
Generate file "/home/wayne/devel/jane/even_smaller/serial_adder_approach/builds/serial_lfsr/impl/pnr/gqh_serial.tr.html" completed
Sun Oct  4 07:34:07 2026

SERIAL_BUILD_COMPLETED
