*** GOWIN Tcl Command Line Console  *** 
This plugin does not support createPlatformOpenGLContext!
current device: GW2AR-18C  GW2AR-LV18QN88C8/I7
add new file: "gqh_competition_bsram_lean_top.v"
add new file: "19_tang_nano_20k.cst"
add new file: "tang_nano_20k.sdc"
GowinSynthesis start
Running parser ...
Analyzing Verilog file '/tmp/opencode/even-smaller-lean-gowin/gqh_competition_bsram_lean_top.v'
Compiling module 'gqh_competition_top'("/tmp/opencode/even-smaller-lean-gowin/gqh_competition_bsram_lean_top.v":1419)
Compiling module 'gqh_update_engine'("/tmp/opencode/even-smaller-lean-gowin/gqh_competition_bsram_lean_top.v":1150)
Extracting RAM for identifier 'engine_history'("/tmp/opencode/even-smaller-lean-gowin/gqh_competition_bsram_lean_top.v":1195)
Extracting RAM for identifier 'engine_records'("/tmp/opencode/even-smaller-lean-gowin/gqh_competition_bsram_lean_top.v":1222)
Compiling module 'gqh_uart_rx'("/tmp/opencode/even-smaller-lean-gowin/gqh_competition_bsram_lean_top.v":904)
Compiling module 'gqh_packet_ram_controller'("/tmp/opencode/even-smaller-lean-gowin/gqh_competition_bsram_lean_top.v":279)
Extracting RAM for identifier 'request_packet'("/tmp/opencode/even-smaller-lean-gowin/gqh_competition_bsram_lean_top.v":382)
Compiling module 'gqh_reset_release'("/tmp/opencode/even-smaller-lean-gowin/gqh_competition_bsram_lean_top.v":244)
Compiling module 'gqh_uart_tx'("/tmp/opencode/even-smaller-lean-gowin/gqh_competition_bsram_lean_top.v":1)
NOTE  (EX0101) : Current top module is "gqh_competition_top"
[5%] Running netlist conversion ...
Running device independent optimization ...
[10%] Optimizing Phase 0 completed
[15%] Optimizing Phase 1 completed
[25%] Optimizing Phase 2 completed
Running inference ...
[30%] Inferring Phase 0 completed
[40%] Inferring Phase 1 completed
[50%] Inferring Phase 2 completed
[55%] Inferring Phase 3 completed
Running technical mapping ...
[60%] Tech-Mapping Phase 0 completed
[65%] Tech-Mapping Phase 1 completed
[75%] Tech-Mapping Phase 2 completed
[80%] Tech-Mapping Phase 3 completed
[90%] Tech-Mapping Phase 4 completed
[95%] Generate netlist file "/tmp/opencode/even-smaller-lean-gowin/impl/gwsynthesis/gqh_competition.vg" completed
[100%] Generate report file "/tmp/opencode/even-smaller-lean-gowin/impl/gwsynthesis/gqh_competition_syn.rpt.html" completed
GowinSynthesis finish
Reading netlist file: "/tmp/opencode/even-smaller-lean-gowin/impl/gwsynthesis/gqh_competition.vg"
Parsing netlist file "/tmp/opencode/even-smaller-lean-gowin/impl/gwsynthesis/gqh_competition.vg" completed
Processing netlist completed
Reading constraint file: "/tmp/opencode/even-smaller-lean-gowin/19_tang_nano_20k.cst"
Physical Constraint parsed completed
Running placement......
[10%] Placement Phase 0 completed
[20%] Placement Phase 1 completed
[30%] Placement Phase 2 completed
[50%] Placement Phase 3 completed
Running routing......
[60%] Routing Phase 0 completed
[70%] Routing Phase 1 completed
[80%] Routing Phase 2 completed
WARN  (PR1014) : Generic routing resource will be used to clock signal 'sys_clk_d' by the specified constraint. And then it may lead to the excessive delay or skew
[90%] Routing Phase 3 completed
Running timing analysis......
[95%] Timing analysis completed
Placement and routing completed
Bitstream generation in progress......
Bitstream generation completed
Running power analysis......
[100%] Power analysis completed
Generate file "/tmp/opencode/even-smaller-lean-gowin/impl/pnr/gqh_competition.power.html" completed
Generate file "/tmp/opencode/even-smaller-lean-gowin/impl/pnr/gqh_competition.pin.html" completed
Generate file "/tmp/opencode/even-smaller-lean-gowin/impl/pnr/gqh_competition.rpt.html" completed
Generate file "/tmp/opencode/even-smaller-lean-gowin/impl/pnr/gqh_competition.rpt.txt" completed
Generate file "/tmp/opencode/even-smaller-lean-gowin/impl/pnr/gqh_competition.tr.html" completed
Sun Oct  4 06:40:43 2026

LEAN_BUILD_COMPLETED
